endpoint tigera-lwr-kubetest-02/ -r

Policies and profiles for endpoints matching "tigera-lwr-kubetest-02/":

Workload endpoint k8s/advanced-policy-demo.nginx-2371676037-bk6v2/eth0
  Policies:
    Policy "donottrack" (order 500; selector "calico/k8s_ns == 'advanced-policy-demo'") [untracked]
    Policy "abcdefghijklmnopqrstuvwxyzABCDEFGHIJKLMNOPQRSTUVWXYZ" (order 400; selector "calico/k8s_ns == 'advanced-policy-demo'")
  Profiles:
    Profile "k8s_ns.advanced-policy-demo"
