endpoint tigera-lwr-kubetest-02/ -r

Policies and profiles for endpoints matching "tigera-lwr-kubetest-02/":

Workload endpoint k8s/advanced-policy-demo.nginx-2371676037-bk6v2/eth0
  Policies:
    Policy "advanced-policy-demo/donottrack" (order 500; selector "(projectcalico.org/namespace == 'advanced-policy-demo') && projectcalico.org/namespace == 'advanced-policy-demo'") [untracked]
    Policy "advanced-policy-demo/abcdefghijklmnopqrstuvwxyzABCDEFGHIJKLMNOPQRSTUVWXYZ" (order 400; selector "(projectcalico.org/namespace == 'advanced-policy-demo') && projectcalico.org/namespace == 'advanced-policy-demo'")
  Profiles:
    Profile "k8s_ns.advanced-policy-demo"
