endpoint host1

Policies and profiles for endpoints matching "host1":

Workload endpoint k8s/g1w1/eth0
  Policies:
    Policy "p1" (order 500; selector "calico/k8s_ns == 'group1'")
  Profiles:
    Profile "group1"
  Rule matches:
    Policy "abcdefghijklmnopqrstuvwxyzABCDEFGHIJKLMNOPQRSTUVWXYZ" inbound rule 1 source match; selector "calico/k8s_ns in {'group1','group2'}"
    Policy "abcdefghijklmnopqrstuvwxyzABCDEFGHIJKLMNOPQRSTUVWXYZ" outbound rule 1 destination match; selector "calico/k8s_ns in {'group1','group2'}"
    Policy "p1" outbound rule 1 destination match; selector "calico/k8s_ns == 'group1'"

Workload endpoint k8s/g1w2/eth0
  Policies:
    Policy "p1" (order 500; selector "calico/k8s_ns == 'group1'")
  Profiles:
    Profile "group1"
  Rule matches:
    Policy "abcdefghijklmnopqrstuvwxyzABCDEFGHIJKLMNOPQRSTUVWXYZ" inbound rule 1 source match; selector "calico/k8s_ns in {'group1','group2'}"
    Policy "abcdefghijklmnopqrstuvwxyzABCDEFGHIJKLMNOPQRSTUVWXYZ" outbound rule 1 destination match; selector "calico/k8s_ns in {'group1','group2'}"
    Policy "p1" outbound rule 1 destination match; selector "calico/k8s_ns == 'group1'"

Workload endpoint k8s/g1w3/eth0
  Policies:
    Policy "p1" (order 500; selector "calico/k8s_ns == 'group1'")
  Profiles:
    Profile "group1"
  Rule matches:
    Policy "abcdefghijklmnopqrstuvwxyzABCDEFGHIJKLMNOPQRSTUVWXYZ" inbound rule 1 source match; selector "calico/k8s_ns in {'group1','group2'}"
    Policy "abcdefghijklmnopqrstuvwxyzABCDEFGHIJKLMNOPQRSTUVWXYZ" outbound rule 1 destination match; selector "calico/k8s_ns in {'group1','group2'}"
    Policy "p1" outbound rule 1 destination match; selector "calico/k8s_ns == 'group1'"

Workload endpoint k8s/g2w1/eth0
  Policies:
    Policy "abcdefghijklmnopqrstuvwxyzABCDEFGHIJKLMNOPQRSTUVWXYZ" (order 400; selector "calico/k8s_ns == 'group2'")
  Profiles:
    Profile "group2"
  Rule matches:
    Policy "abcdefghijklmnopqrstuvwxyzABCDEFGHIJKLMNOPQRSTUVWXYZ" inbound rule 1 source match; selector "calico/k8s_ns in {'group1','group2'}"
    Policy "abcdefghijklmnopqrstuvwxyzABCDEFGHIJKLMNOPQRSTUVWXYZ" outbound rule 1 destination match; selector "calico/k8s_ns in {'group1','group2'}"
    Policy "p1" inbound rule 1 source match; selector "calico/k8s_ns == 'group2'"

Workload endpoint k8s/g2w2/eth0
  Policies:
    Policy "abcdefghijklmnopqrstuvwxyzABCDEFGHIJKLMNOPQRSTUVWXYZ" (order 400; selector "calico/k8s_ns == 'group2'")
  Profiles:
    Profile "group2"
  Rule matches:
    Policy "abcdefghijklmnopqrstuvwxyzABCDEFGHIJKLMNOPQRSTUVWXYZ" inbound rule 1 source match; selector "calico/k8s_ns in {'group1','group2'}"
    Policy "abcdefghijklmnopqrstuvwxyzABCDEFGHIJKLMNOPQRSTUVWXYZ" outbound rule 1 destination match; selector "calico/k8s_ns in {'group1','group2'}"
    Policy "p1" inbound rule 1 source match; selector "calico/k8s_ns == 'group2'"

Workload endpoint k8s/g2w3/eth0
  Policies:
    Policy "abcdefghijklmnopqrstuvwxyzABCDEFGHIJKLMNOPQRSTUVWXYZ" (order 400; selector "calico/k8s_ns == 'group2'")
  Profiles:
    Profile "group2"
  Rule matches:
    Policy "abcdefghijklmnopqrstuvwxyzABCDEFGHIJKLMNOPQRSTUVWXYZ" inbound rule 1 source match; selector "calico/k8s_ns in {'group1','group2'}"
    Policy "abcdefghijklmnopqrstuvwxyzABCDEFGHIJKLMNOPQRSTUVWXYZ" outbound rule 1 destination match; selector "calico/k8s_ns in {'group1','group2'}"
    Policy "p1" inbound rule 1 source match; selector "calico/k8s_ns == 'group2'"
