policy p1 --hide-selectors

Policy "p1" applies to these endpoints:
  Workload endpoint host1/k8s/g1w1/eth0
  Workload endpoint host1/k8s/g1w2/eth0
  Workload endpoint host1/k8s/g1w3/eth0

Endpoints matching policy "p1" rules:
  Workload endpoint host1/k8s/g1w1/eth0
    outbound rule 1 destination match
  Workload endpoint host1/k8s/g1w2/eth0
    outbound rule 1 destination match
  Workload endpoint host1/k8s/g1w3/eth0
    outbound rule 1 destination match
  Workload endpoint host1/k8s/g2w1/eth0
    inbound rule 1 source match
  Workload endpoint host1/k8s/g2w2/eth0
    inbound rule 1 source match
  Workload endpoint host1/k8s/g2w3/eth0
    inbound rule 1 source match
