policy abcdefghijklmnopqrstuvwxyzABCDEFGHIJKLMNOPQRSTUVWXYZ --hide-rule-matches --hide-selectors

Endpoints matching policy abcdefghijklmnopqrstuvwxyzABCDEFGHIJKLMNOPQRSTUVWXYZ:
  Workload endpoint host1/k8s/g2w1/eth0
    applicable endpoints
  Workload endpoint host1/k8s/g2w2/eth0
    applicable endpoints
  Workload endpoint host1/k8s/g2w3/eth0
    applicable endpoints
